| NoSummaries;BaseClass;M1;(System.String);summary;df-generated |
| NoSummaries;BaseClass;M2;(System.String);summary;df-generated |
| NoSummaries;CollectionFlow;ReturnSimpleTypeArray;(System.Int32[]);summary;df-generated |
| NoSummaries;CollectionFlow;ReturnSimpleTypeDictionary;(System.Collections.Generic.Dictionary<System.Int32,System.Int32>);summary;df-generated |
| NoSummaries;CollectionFlow;ReturnSimpleTypeList;(System.Collections.Generic.List<System.Int32>);summary;df-generated |
| NoSummaries;EquatableBound;Equals;(System.Object);summary;df-generated |
| NoSummaries;EquatableUnBound<T>;Equals;(T);summary;df-generated |
| NoSummaries;SimpleTypes;M1;(System.Boolean);summary;df-generated |
| NoSummaries;SimpleTypes;M2;(System.Boolean);summary;df-generated |
| NoSummaries;SimpleTypes;M3;(System.Int32);summary;df-generated |
| NoSummaries;SimpleTypes;M4;(System.Int32);summary;df-generated |
| Sinks;NewSinks;WrapFieldResponseWriteFile;();summary;df-generated |
| Sinks;NewSinks;WrapPrivateFieldResponseWriteFile;();summary;df-generated |
| Sinks;NewSinks;WrapPrivatePropResponseWriteFile;();summary;df-generated |
| Sinks;NewSinks;WrapPropPrivateSetResponseWriteFile;();summary;df-generated |
| Sinks;NewSinks;WrapPropResponseWriteFile;();summary;df-generated |
| Sinks;NewSinks;WrapResponseWrite;(System.Object);summary;df-generated |
| Sinks;NewSinks;WrapResponseWriteFile;(System.String);summary;df-generated |
| Sinks;NewSinks;get_PrivateSetTaintedProp;();summary;df-generated |
| Sinks;NewSinks;get_TaintedProp;();summary;df-generated |
| Sinks;NewSinks;set_PrivateSetTaintedProp;(System.String);summary;df-generated |
| Sinks;NewSinks;set_TaintedProp;(System.String);summary;df-generated |
| Sources;NewSources;WrapConsoleReadKey;();summary;df-generated |
| Sources;NewSources;WrapConsoleReadLine;();summary;df-generated |
| Sources;NewSources;WrapConsoleReadLineAndProcees;(System.String);summary;df-generated |
| Summaries;EqualsGetHashCodeNoFlow;Equals;(System.Object);summary;df-generated |
| Summaries;EqualsGetHashCodeNoFlow;GetHashCode;();summary;df-generated |
| Summaries;OperatorFlow;op_Increment;(Summaries.OperatorFlow);summary;df-generated |
