| enums.swift:2:10:2:10 | value1 | getModule: | file://:0:0:0:0 | enums | getNumberOfMembers: | 0 | getInterfaceType: | (EnumValues.Type) -> EnumValues | getName: | value1 | getNumberOfParams: | 0 |
| enums.swift:2:18:2:18 | value2 | getModule: | file://:0:0:0:0 | enums | getNumberOfMembers: | 0 | getInterfaceType: | (EnumValues.Type) -> EnumValues | getName: | value2 | getNumberOfParams: | 0 |
| enums.swift:3:10:3:10 | value3 | getModule: | file://:0:0:0:0 | enums | getNumberOfMembers: | 0 | getInterfaceType: | (EnumValues.Type) -> EnumValues | getName: | value3 | getNumberOfParams: | 0 |
| enums.swift:3:18:3:18 | value4 | getModule: | file://:0:0:0:0 | enums | getNumberOfMembers: | 0 | getInterfaceType: | (EnumValues.Type) -> EnumValues | getName: | value4 | getNumberOfParams: | 0 |
| enums.swift:3:26:3:26 | value5 | getModule: | file://:0:0:0:0 | enums | getNumberOfMembers: | 0 | getInterfaceType: | (EnumValues.Type) -> EnumValues | getName: | value5 | getNumberOfParams: | 0 |
| enums.swift:8:10:8:10 | value1 | getModule: | file://:0:0:0:0 | enums | getNumberOfMembers: | 0 | getInterfaceType: | (EnumValuesWithBase.Type) -> EnumValuesWithBase | getName: | value1 | getNumberOfParams: | 0 |
| enums.swift:8:18:8:18 | value2 | getModule: | file://:0:0:0:0 | enums | getNumberOfMembers: | 0 | getInterfaceType: | (EnumValuesWithBase.Type) -> EnumValuesWithBase | getName: | value2 | getNumberOfParams: | 0 |
| enums.swift:9:10:9:10 | value3 | getModule: | file://:0:0:0:0 | enums | getNumberOfMembers: | 0 | getInterfaceType: | (EnumValuesWithBase.Type) -> EnumValuesWithBase | getName: | value3 | getNumberOfParams: | 0 |
| enums.swift:9:18:9:18 | value4 | getModule: | file://:0:0:0:0 | enums | getNumberOfMembers: | 0 | getInterfaceType: | (EnumValuesWithBase.Type) -> EnumValuesWithBase | getName: | value4 | getNumberOfParams: | 0 |
| enums.swift:9:26:9:26 | value5 | getModule: | file://:0:0:0:0 | enums | getNumberOfMembers: | 0 | getInterfaceType: | (EnumValuesWithBase.Type) -> EnumValuesWithBase | getName: | value5 | getNumberOfParams: | 0 |
| enums.swift:13:10:13:22 | nodata1 | getModule: | file://:0:0:0:0 | enums | getNumberOfMembers: | 0 | getInterfaceType: | (EnumWithParams.Type) -> (Void) -> EnumWithParams | getName: | nodata1 | getNumberOfParams: | 1 |
| enums.swift:14:10:14:21 | intdata | getModule: | file://:0:0:0:0 | enums | getNumberOfMembers: | 0 | getInterfaceType: | (EnumWithParams.Type) -> (Int) -> EnumWithParams | getName: | intdata | getNumberOfParams: | 1 |
| enums.swift:15:10:15:35 | tuple | getModule: | file://:0:0:0:0 | enums | getNumberOfMembers: | 0 | getInterfaceType: | (EnumWithParams.Type) -> (Int, String, Double) -> EnumWithParams | getName: | tuple | getNumberOfParams: | 3 |
| enums.swift:19:10:19:10 | none | getModule: | file://:0:0:0:0 | enums | getNumberOfMembers: | 0 | getInterfaceType: | <T> (GenericEnum<T>.Type) -> GenericEnum<T> | getName: | none | getNumberOfParams: | 0 |
| enums.swift:20:10:20:16 | some | getModule: | file://:0:0:0:0 | enums | getNumberOfMembers: | 0 | getInterfaceType: | <T> (GenericEnum<T>.Type) -> (T) -> GenericEnum<T> | getName: | some | getNumberOfParams: | 1 |
| enums.swift:24:10:24:25 | nodata1 | getModule: | file://:0:0:0:0 | enums | getNumberOfMembers: | 0 | getInterfaceType: | (EnumWithNamedParams.Type) -> (Void) -> EnumWithNamedParams | getName: | nodata1 | getNumberOfParams: | 1 |
| enums.swift:25:10:25:24 | intdata | getModule: | file://:0:0:0:0 | enums | getNumberOfMembers: | 0 | getInterfaceType: | (EnumWithNamedParams.Type) -> (Int) -> EnumWithNamedParams | getName: | intdata | getNumberOfParams: | 1 |
| enums.swift:26:10:26:44 | tuple | getModule: | file://:0:0:0:0 | enums | getNumberOfMembers: | 0 | getInterfaceType: | (EnumWithNamedParams.Type) -> (Int, String, Double) -> EnumWithNamedParams | getName: | tuple | getNumberOfParams: | 3 |
