| Test.java:5:26:5:33 | source(...) | Test.java:11:12:11:12 | s |
| Test.java:6:28:6:35 | source(...) | Test.java:15:12:15:18 | tainted |
