| namespaces.cs:72:11:72:14 | A`1 | namespaces.cs:75:15:75:15 | B |
