| Test.java:1:14:1:17 | super(...) | java.lang.Object.Object |
| Test.java:4:16:4:23 | super(...) | java.lang.Object.Object |
| Test.java:5:16:5:26 | super(...) | java.lang.Object.Object |
| Test.java:9:21:9:37 | new Alternative(...) | Test$Alternative.Alternative |
| Test.java:10:12:10:31 | test(...) | Test.test |
| Test.java:10:17:10:30 | new Specific(...) | Test$Specific.Specific |
| Test.java:18:14:18:26 | toString(...) | Test$Specific.toString |
| Test.java:22:27:22:39 | hashCode(...) | java.lang.Object.hashCode |
| Test.java:22:57:22:69 | toString(...) | Test$Specific.toString |
