| [...]/microsoft.netframework.referenceassemblies.net48/1.0.3/build/.NETFramework/v4.8/Accessibility.dll |
| [...]/microsoft.netframework.referenceassemblies.net48/1.0.3/build/.NETFramework/v4.8/CustomMarshalers.dll |
| [...]/microsoft.netframework.referenceassemblies.net48/1.0.3/build/.NETFramework/v4.8/Facades/Microsoft.Win32.Primitives.dll |
| [...]/microsoft.netframework.referenceassemblies.net48/1.0.3/build/.NETFramework/v4.8/Facades/System.AppContext.dll |
| [...]/microsoft.netframework.referenceassemblies.net48/1.0.3/build/.NETFramework/v4.8/Facades/System.Collections.Concurrent.dll |
| [...]/microsoft.netframework.referenceassemblies.net48/1.0.3/build/.NETFramework/v4.8/Facades/System.Collections.NonGeneric.dll |
| [...]/microsoft.netframework.referenceassemblies.net48/1.0.3/build/.NETFramework/v4.8/Facades/System.Collections.Specialized.dll |
| [...]/microsoft.netframework.referenceassemblies.net48/1.0.3/build/.NETFramework/v4.8/Facades/System.Collections.dll |
| [...]/microsoft.netframework.referenceassemblies.net48/1.0.3/build/.NETFramework/v4.8/Facades/System.ComponentModel.Annotations.dll |
| [...]/microsoft.netframework.referenceassemblies.net48/1.0.3/build/.NETFramework/v4.8/Facades/System.ComponentModel.EventBasedAsync.dll |
| [...]/microsoft.netframework.referenceassemblies.net48/1.0.3/build/.NETFramework/v4.8/Facades/System.ComponentModel.Primitives.dll |
| [...]/microsoft.netframework.referenceassemblies.net48/1.0.3/build/.NETFramework/v4.8/Facades/System.ComponentModel.TypeConverter.dll |
| [...]/microsoft.netframework.referenceassemblies.net48/1.0.3/build/.NETFramework/v4.8/Facades/System.ComponentModel.dll |
| [...]/microsoft.netframework.referenceassemblies.net48/1.0.3/build/.NETFramework/v4.8/Facades/System.Console.dll |
| [...]/microsoft.netframework.referenceassemblies.net48/1.0.3/build/.NETFramework/v4.8/Facades/System.Data.Common.dll |
| [...]/microsoft.netframework.referenceassemblies.net48/1.0.3/build/.NETFramework/v4.8/Facades/System.Diagnostics.Contracts.dll |
| [...]/microsoft.netframework.referenceassemblies.net48/1.0.3/build/.NETFramework/v4.8/Facades/System.Diagnostics.Debug.dll |
| [...]/microsoft.netframework.referenceassemblies.net48/1.0.3/build/.NETFramework/v4.8/Facades/System.Diagnostics.FileVersionInfo.dll |
| [...]/microsoft.netframework.referenceassemblies.net48/1.0.3/build/.NETFramework/v4.8/Facades/System.Diagnostics.Process.dll |
| [...]/microsoft.netframework.referenceassemblies.net48/1.0.3/build/.NETFramework/v4.8/Facades/System.Diagnostics.StackTrace.dll |
| [...]/microsoft.netframework.referenceassemblies.net48/1.0.3/build/.NETFramework/v4.8/Facades/System.Diagnostics.TextWriterTraceListener.dll |
| [...]/microsoft.netframework.referenceassemblies.net48/1.0.3/build/.NETFramework/v4.8/Facades/System.Diagnostics.Tools.dll |
| [...]/microsoft.netframework.referenceassemblies.net48/1.0.3/build/.NETFramework/v4.8/Facades/System.Diagnostics.TraceSource.dll |
| [...]/microsoft.netframework.referenceassemblies.net48/1.0.3/build/.NETFramework/v4.8/Facades/System.Drawing.Primitives.dll |
| [...]/microsoft.netframework.referenceassemblies.net48/1.0.3/build/.NETFramework/v4.8/Facades/System.Dynamic.Runtime.dll |
| [...]/microsoft.netframework.referenceassemblies.net48/1.0.3/build/.NETFramework/v4.8/Facades/System.Globalization.Calendars.dll |
| [...]/microsoft.netframework.referenceassemblies.net48/1.0.3/build/.NETFramework/v4.8/Facades/System.Globalization.Extensions.dll |
| [...]/microsoft.netframework.referenceassemblies.net48/1.0.3/build/.NETFramework/v4.8/Facades/System.Globalization.dll |
| [...]/microsoft.netframework.referenceassemblies.net48/1.0.3/build/.NETFramework/v4.8/Facades/System.IO.Compression.ZipFile.dll |
| [...]/microsoft.netframework.referenceassemblies.net48/1.0.3/build/.NETFramework/v4.8/Facades/System.IO.FileSystem.DriveInfo.dll |
| [...]/microsoft.netframework.referenceassemblies.net48/1.0.3/build/.NETFramework/v4.8/Facades/System.IO.FileSystem.Primitives.dll |
| [...]/microsoft.netframework.referenceassemblies.net48/1.0.3/build/.NETFramework/v4.8/Facades/System.IO.FileSystem.Watcher.dll |
| [...]/microsoft.netframework.referenceassemblies.net48/1.0.3/build/.NETFramework/v4.8/Facades/System.IO.FileSystem.dll |
| [...]/microsoft.netframework.referenceassemblies.net48/1.0.3/build/.NETFramework/v4.8/Facades/System.IO.IsolatedStorage.dll |
| [...]/microsoft.netframework.referenceassemblies.net48/1.0.3/build/.NETFramework/v4.8/Facades/System.IO.MemoryMappedFiles.dll |
| [...]/microsoft.netframework.referenceassemblies.net48/1.0.3/build/.NETFramework/v4.8/Facades/System.IO.Pipes.dll |
| [...]/microsoft.netframework.referenceassemblies.net48/1.0.3/build/.NETFramework/v4.8/Facades/System.IO.UnmanagedMemoryStream.dll |
| [...]/microsoft.netframework.referenceassemblies.net48/1.0.3/build/.NETFramework/v4.8/Facades/System.IO.dll |
| [...]/microsoft.netframework.referenceassemblies.net48/1.0.3/build/.NETFramework/v4.8/Facades/System.Linq.Expressions.dll |
| [...]/microsoft.netframework.referenceassemblies.net48/1.0.3/build/.NETFramework/v4.8/Facades/System.Linq.Parallel.dll |
| [...]/microsoft.netframework.referenceassemblies.net48/1.0.3/build/.NETFramework/v4.8/Facades/System.Linq.Queryable.dll |
| [...]/microsoft.netframework.referenceassemblies.net48/1.0.3/build/.NETFramework/v4.8/Facades/System.Linq.dll |
| [...]/microsoft.netframework.referenceassemblies.net48/1.0.3/build/.NETFramework/v4.8/Facades/System.Net.Http.Rtc.dll |
| [...]/microsoft.netframework.referenceassemblies.net48/1.0.3/build/.NETFramework/v4.8/Facades/System.Net.NameResolution.dll |
| [...]/microsoft.netframework.referenceassemblies.net48/1.0.3/build/.NETFramework/v4.8/Facades/System.Net.NetworkInformation.dll |
| [...]/microsoft.netframework.referenceassemblies.net48/1.0.3/build/.NETFramework/v4.8/Facades/System.Net.Ping.dll |
| [...]/microsoft.netframework.referenceassemblies.net48/1.0.3/build/.NETFramework/v4.8/Facades/System.Net.Primitives.dll |
| [...]/microsoft.netframework.referenceassemblies.net48/1.0.3/build/.NETFramework/v4.8/Facades/System.Net.Requests.dll |
| [...]/microsoft.netframework.referenceassemblies.net48/1.0.3/build/.NETFramework/v4.8/Facades/System.Net.Security.dll |
| [...]/microsoft.netframework.referenceassemblies.net48/1.0.3/build/.NETFramework/v4.8/Facades/System.Net.Sockets.dll |
| [...]/microsoft.netframework.referenceassemblies.net48/1.0.3/build/.NETFramework/v4.8/Facades/System.Net.WebHeaderCollection.dll |
| [...]/microsoft.netframework.referenceassemblies.net48/1.0.3/build/.NETFramework/v4.8/Facades/System.Net.WebSockets.Client.dll |
| [...]/microsoft.netframework.referenceassemblies.net48/1.0.3/build/.NETFramework/v4.8/Facades/System.Net.WebSockets.dll |
| [...]/microsoft.netframework.referenceassemblies.net48/1.0.3/build/.NETFramework/v4.8/Facades/System.ObjectModel.dll |
| [...]/microsoft.netframework.referenceassemblies.net48/1.0.3/build/.NETFramework/v4.8/Facades/System.Reflection.Emit.ILGeneration.dll |
| [...]/microsoft.netframework.referenceassemblies.net48/1.0.3/build/.NETFramework/v4.8/Facades/System.Reflection.Emit.Lightweight.dll |
| [...]/microsoft.netframework.referenceassemblies.net48/1.0.3/build/.NETFramework/v4.8/Facades/System.Reflection.Emit.dll |
| [...]/microsoft.netframework.referenceassemblies.net48/1.0.3/build/.NETFramework/v4.8/Facades/System.Reflection.Extensions.dll |
| [...]/microsoft.netframework.referenceassemblies.net48/1.0.3/build/.NETFramework/v4.8/Facades/System.Reflection.Primitives.dll |
| [...]/microsoft.netframework.referenceassemblies.net48/1.0.3/build/.NETFramework/v4.8/Facades/System.Reflection.dll |
| [...]/microsoft.netframework.referenceassemblies.net48/1.0.3/build/.NETFramework/v4.8/Facades/System.Resources.Reader.dll |
| [...]/microsoft.netframework.referenceassemblies.net48/1.0.3/build/.NETFramework/v4.8/Facades/System.Resources.ResourceManager.dll |
| [...]/microsoft.netframework.referenceassemblies.net48/1.0.3/build/.NETFramework/v4.8/Facades/System.Resources.Writer.dll |
| [...]/microsoft.netframework.referenceassemblies.net48/1.0.3/build/.NETFramework/v4.8/Facades/System.Runtime.CompilerServices.VisualC.dll |
| [...]/microsoft.netframework.referenceassemblies.net48/1.0.3/build/.NETFramework/v4.8/Facades/System.Runtime.Extensions.dll |
| [...]/microsoft.netframework.referenceassemblies.net48/1.0.3/build/.NETFramework/v4.8/Facades/System.Runtime.Handles.dll |
| [...]/microsoft.netframework.referenceassemblies.net48/1.0.3/build/.NETFramework/v4.8/Facades/System.Runtime.InteropServices.RuntimeInformation.dll |
| [...]/microsoft.netframework.referenceassemblies.net48/1.0.3/build/.NETFramework/v4.8/Facades/System.Runtime.InteropServices.WindowsRuntime.dll |
| [...]/microsoft.netframework.referenceassemblies.net48/1.0.3/build/.NETFramework/v4.8/Facades/System.Runtime.InteropServices.dll |
| [...]/microsoft.netframework.referenceassemblies.net48/1.0.3/build/.NETFramework/v4.8/Facades/System.Runtime.Numerics.dll |
| [...]/microsoft.netframework.referenceassemblies.net48/1.0.3/build/.NETFramework/v4.8/Facades/System.Runtime.Serialization.Formatters.dll |
| [...]/microsoft.netframework.referenceassemblies.net48/1.0.3/build/.NETFramework/v4.8/Facades/System.Runtime.Serialization.Json.dll |
| [...]/microsoft.netframework.referenceassemblies.net48/1.0.3/build/.NETFramework/v4.8/Facades/System.Runtime.Serialization.Primitives.dll |
| [...]/microsoft.netframework.referenceassemblies.net48/1.0.3/build/.NETFramework/v4.8/Facades/System.Runtime.Serialization.Xml.dll |
| [...]/microsoft.netframework.referenceassemblies.net48/1.0.3/build/.NETFramework/v4.8/Facades/System.Runtime.dll |
| [...]/microsoft.netframework.referenceassemblies.net48/1.0.3/build/.NETFramework/v4.8/Facades/System.Security.Claims.dll |
| [...]/microsoft.netframework.referenceassemblies.net48/1.0.3/build/.NETFramework/v4.8/Facades/System.Security.Cryptography.Algorithms.dll |
| [...]/microsoft.netframework.referenceassemblies.net48/1.0.3/build/.NETFramework/v4.8/Facades/System.Security.Cryptography.Csp.dll |
| [...]/microsoft.netframework.referenceassemblies.net48/1.0.3/build/.NETFramework/v4.8/Facades/System.Security.Cryptography.Encoding.dll |
| [...]/microsoft.netframework.referenceassemblies.net48/1.0.3/build/.NETFramework/v4.8/Facades/System.Security.Cryptography.Primitives.dll |
| [...]/microsoft.netframework.referenceassemblies.net48/1.0.3/build/.NETFramework/v4.8/Facades/System.Security.Cryptography.X509Certificates.dll |
| [...]/microsoft.netframework.referenceassemblies.net48/1.0.3/build/.NETFramework/v4.8/Facades/System.Security.Principal.dll |
| [...]/microsoft.netframework.referenceassemblies.net48/1.0.3/build/.NETFramework/v4.8/Facades/System.Security.SecureString.dll |
| [...]/microsoft.netframework.referenceassemblies.net48/1.0.3/build/.NETFramework/v4.8/Facades/System.ServiceModel.Duplex.dll |
| [...]/microsoft.netframework.referenceassemblies.net48/1.0.3/build/.NETFramework/v4.8/Facades/System.ServiceModel.Http.dll |
| [...]/microsoft.netframework.referenceassemblies.net48/1.0.3/build/.NETFramework/v4.8/Facades/System.ServiceModel.NetTcp.dll |
| [...]/microsoft.netframework.referenceassemblies.net48/1.0.3/build/.NETFramework/v4.8/Facades/System.ServiceModel.Primitives.dll |
| [...]/microsoft.netframework.referenceassemblies.net48/1.0.3/build/.NETFramework/v4.8/Facades/System.ServiceModel.Security.dll |
| [...]/microsoft.netframework.referenceassemblies.net48/1.0.3/build/.NETFramework/v4.8/Facades/System.Text.Encoding.Extensions.dll |
| [...]/microsoft.netframework.referenceassemblies.net48/1.0.3/build/.NETFramework/v4.8/Facades/System.Text.Encoding.dll |
| [...]/microsoft.netframework.referenceassemblies.net48/1.0.3/build/.NETFramework/v4.8/Facades/System.Text.RegularExpressions.dll |
| [...]/microsoft.netframework.referenceassemblies.net48/1.0.3/build/.NETFramework/v4.8/Facades/System.Threading.Overlapped.dll |
| [...]/microsoft.netframework.referenceassemblies.net48/1.0.3/build/.NETFramework/v4.8/Facades/System.Threading.Tasks.Parallel.dll |
| [...]/microsoft.netframework.referenceassemblies.net48/1.0.3/build/.NETFramework/v4.8/Facades/System.Threading.Tasks.dll |
| [...]/microsoft.netframework.referenceassemblies.net48/1.0.3/build/.NETFramework/v4.8/Facades/System.Threading.Thread.dll |
| [...]/microsoft.netframework.referenceassemblies.net48/1.0.3/build/.NETFramework/v4.8/Facades/System.Threading.ThreadPool.dll |
| [...]/microsoft.netframework.referenceassemblies.net48/1.0.3/build/.NETFramework/v4.8/Facades/System.Threading.Timer.dll |
| [...]/microsoft.netframework.referenceassemblies.net48/1.0.3/build/.NETFramework/v4.8/Facades/System.Threading.dll |
| [...]/microsoft.netframework.referenceassemblies.net48/1.0.3/build/.NETFramework/v4.8/Facades/System.ValueTuple.dll |
| [...]/microsoft.netframework.referenceassemblies.net48/1.0.3/build/.NETFramework/v4.8/Facades/System.Xml.ReaderWriter.dll |
| [...]/microsoft.netframework.referenceassemblies.net48/1.0.3/build/.NETFramework/v4.8/Facades/System.Xml.XDocument.dll |
| [...]/microsoft.netframework.referenceassemblies.net48/1.0.3/build/.NETFramework/v4.8/Facades/System.Xml.XPath.XDocument.dll |
| [...]/microsoft.netframework.referenceassemblies.net48/1.0.3/build/.NETFramework/v4.8/Facades/System.Xml.XPath.dll |
| [...]/microsoft.netframework.referenceassemblies.net48/1.0.3/build/.NETFramework/v4.8/Facades/System.Xml.XmlDocument.dll |
| [...]/microsoft.netframework.referenceassemblies.net48/1.0.3/build/.NETFramework/v4.8/Facades/System.Xml.XmlSerializer.dll |
| [...]/microsoft.netframework.referenceassemblies.net48/1.0.3/build/.NETFramework/v4.8/Facades/netstandard.dll |
| [...]/microsoft.netframework.referenceassemblies.net48/1.0.3/build/.NETFramework/v4.8/ISymWrapper.dll |
| [...]/microsoft.netframework.referenceassemblies.net48/1.0.3/build/.NETFramework/v4.8/Microsoft.Activities.Build.dll |
| [...]/microsoft.netframework.referenceassemblies.net48/1.0.3/build/.NETFramework/v4.8/Microsoft.Build.Conversion.v4.0.dll |
| [...]/microsoft.netframework.referenceassemblies.net48/1.0.3/build/.NETFramework/v4.8/Microsoft.Build.Engine.dll |
| [...]/microsoft.netframework.referenceassemblies.net48/1.0.3/build/.NETFramework/v4.8/Microsoft.Build.Framework.dll |
| [...]/microsoft.netframework.referenceassemblies.net48/1.0.3/build/.NETFramework/v4.8/Microsoft.Build.Tasks.v4.0.dll |
| [...]/microsoft.netframework.referenceassemblies.net48/1.0.3/build/.NETFramework/v4.8/Microsoft.Build.Utilities.v4.0.dll |
| [...]/microsoft.netframework.referenceassemblies.net48/1.0.3/build/.NETFramework/v4.8/Microsoft.Build.dll |
| [...]/microsoft.netframework.referenceassemblies.net48/1.0.3/build/.NETFramework/v4.8/Microsoft.CSharp.dll |
| [...]/microsoft.netframework.referenceassemblies.net48/1.0.3/build/.NETFramework/v4.8/Microsoft.JScript.dll |
| [...]/microsoft.netframework.referenceassemblies.net48/1.0.3/build/.NETFramework/v4.8/Microsoft.VisualBasic.Compatibility.Data.dll |
| [...]/microsoft.netframework.referenceassemblies.net48/1.0.3/build/.NETFramework/v4.8/Microsoft.VisualBasic.Compatibility.dll |
| [...]/microsoft.netframework.referenceassemblies.net48/1.0.3/build/.NETFramework/v4.8/Microsoft.VisualBasic.dll |
| [...]/microsoft.netframework.referenceassemblies.net48/1.0.3/build/.NETFramework/v4.8/Microsoft.VisualC.STLCLR.dll |
| [...]/microsoft.netframework.referenceassemblies.net48/1.0.3/build/.NETFramework/v4.8/Microsoft.VisualC.dll |
| [...]/microsoft.netframework.referenceassemblies.net48/1.0.3/build/.NETFramework/v4.8/PresentationBuildTasks.dll |
| [...]/microsoft.netframework.referenceassemblies.net48/1.0.3/build/.NETFramework/v4.8/PresentationCore.dll |
| [...]/microsoft.netframework.referenceassemblies.net48/1.0.3/build/.NETFramework/v4.8/PresentationFramework.Aero2.dll |
| [...]/microsoft.netframework.referenceassemblies.net48/1.0.3/build/.NETFramework/v4.8/PresentationFramework.Aero.dll |
| [...]/microsoft.netframework.referenceassemblies.net48/1.0.3/build/.NETFramework/v4.8/PresentationFramework.AeroLite.dll |
| [...]/microsoft.netframework.referenceassemblies.net48/1.0.3/build/.NETFramework/v4.8/PresentationFramework.Classic.dll |
| [...]/microsoft.netframework.referenceassemblies.net48/1.0.3/build/.NETFramework/v4.8/PresentationFramework.Luna.dll |
| [...]/microsoft.netframework.referenceassemblies.net48/1.0.3/build/.NETFramework/v4.8/PresentationFramework.Royale.dll |
| [...]/microsoft.netframework.referenceassemblies.net48/1.0.3/build/.NETFramework/v4.8/PresentationFramework.dll |
| [...]/microsoft.netframework.referenceassemblies.net48/1.0.3/build/.NETFramework/v4.8/ReachFramework.dll |
| [...]/microsoft.netframework.referenceassemblies.net48/1.0.3/build/.NETFramework/v4.8/System.Activities.Core.Presentation.dll |
| [...]/microsoft.netframework.referenceassemblies.net48/1.0.3/build/.NETFramework/v4.8/System.Activities.DurableInstancing.dll |
| [...]/microsoft.netframework.referenceassemblies.net48/1.0.3/build/.NETFramework/v4.8/System.Activities.Presentation.dll |
| [...]/microsoft.netframework.referenceassemblies.net48/1.0.3/build/.NETFramework/v4.8/System.Activities.dll |
| [...]/microsoft.netframework.referenceassemblies.net48/1.0.3/build/.NETFramework/v4.8/System.AddIn.Contract.dll |
| [...]/microsoft.netframework.referenceassemblies.net48/1.0.3/build/.NETFramework/v4.8/System.AddIn.dll |
| [...]/microsoft.netframework.referenceassemblies.net48/1.0.3/build/.NETFramework/v4.8/System.ComponentModel.Composition.Registration.dll |
| [...]/microsoft.netframework.referenceassemblies.net48/1.0.3/build/.NETFramework/v4.8/System.ComponentModel.Composition.dll |
| [...]/microsoft.netframework.referenceassemblies.net48/1.0.3/build/.NETFramework/v4.8/System.ComponentModel.DataAnnotations.dll |
| [...]/microsoft.netframework.referenceassemblies.net48/1.0.3/build/.NETFramework/v4.8/System.Configuration.Install.dll |
| [...]/microsoft.netframework.referenceassemblies.net48/1.0.3/build/.NETFramework/v4.8/System.Configuration.dll |
| [...]/microsoft.netframework.referenceassemblies.net48/1.0.3/build/.NETFramework/v4.8/System.Core.dll |
| [...]/microsoft.netframework.referenceassemblies.net48/1.0.3/build/.NETFramework/v4.8/System.Data.DataSetExtensions.dll |
| [...]/microsoft.netframework.referenceassemblies.net48/1.0.3/build/.NETFramework/v4.8/System.Data.Entity.Design.dll |
| [...]/microsoft.netframework.referenceassemblies.net48/1.0.3/build/.NETFramework/v4.8/System.Data.Entity.dll |
| [...]/microsoft.netframework.referenceassemblies.net48/1.0.3/build/.NETFramework/v4.8/System.Data.Linq.dll |
| [...]/microsoft.netframework.referenceassemblies.net48/1.0.3/build/.NETFramework/v4.8/System.Data.OracleClient.dll |
| [...]/microsoft.netframework.referenceassemblies.net48/1.0.3/build/.NETFramework/v4.8/System.Data.Services.Client.dll |
| [...]/microsoft.netframework.referenceassemblies.net48/1.0.3/build/.NETFramework/v4.8/System.Data.Services.Design.dll |
| [...]/microsoft.netframework.referenceassemblies.net48/1.0.3/build/.NETFramework/v4.8/System.Data.Services.dll |
| [...]/microsoft.netframework.referenceassemblies.net48/1.0.3/build/.NETFramework/v4.8/System.Data.SqlXml.dll |
| [...]/microsoft.netframework.referenceassemblies.net48/1.0.3/build/.NETFramework/v4.8/System.Data.dll |
| [...]/microsoft.netframework.referenceassemblies.net48/1.0.3/build/.NETFramework/v4.8/System.Deployment.dll |
| [...]/microsoft.netframework.referenceassemblies.net48/1.0.3/build/.NETFramework/v4.8/System.Design.dll |
| [...]/microsoft.netframework.referenceassemblies.net48/1.0.3/build/.NETFramework/v4.8/System.Device.dll |
| [...]/microsoft.netframework.referenceassemblies.net48/1.0.3/build/.NETFramework/v4.8/System.Diagnostics.Tracing.dll |
| [...]/microsoft.netframework.referenceassemblies.net48/1.0.3/build/.NETFramework/v4.8/System.DirectoryServices.AccountManagement.dll |
| [...]/microsoft.netframework.referenceassemblies.net48/1.0.3/build/.NETFramework/v4.8/System.DirectoryServices.Protocols.dll |
| [...]/microsoft.netframework.referenceassemblies.net48/1.0.3/build/.NETFramework/v4.8/System.DirectoryServices.dll |
| [...]/microsoft.netframework.referenceassemblies.net48/1.0.3/build/.NETFramework/v4.8/System.Drawing.Design.dll |
| [...]/microsoft.netframework.referenceassemblies.net48/1.0.3/build/.NETFramework/v4.8/System.Drawing.dll |
| [...]/microsoft.netframework.referenceassemblies.net48/1.0.3/build/.NETFramework/v4.8/System.Dynamic.dll |
| [...]/microsoft.netframework.referenceassemblies.net48/1.0.3/build/.NETFramework/v4.8/System.EnterpriseServices.dll |
| [...]/microsoft.netframework.referenceassemblies.net48/1.0.3/build/.NETFramework/v4.8/System.IO.Compression.FileSystem.dll |
| [...]/microsoft.netframework.referenceassemblies.net48/1.0.3/build/.NETFramework/v4.8/System.IO.Compression.dll |
| [...]/microsoft.netframework.referenceassemblies.net48/1.0.3/build/.NETFramework/v4.8/System.IO.Log.dll |
| [...]/microsoft.netframework.referenceassemblies.net48/1.0.3/build/.NETFramework/v4.8/System.IdentityModel.Selectors.dll |
| [...]/microsoft.netframework.referenceassemblies.net48/1.0.3/build/.NETFramework/v4.8/System.IdentityModel.Services.dll |
| [...]/microsoft.netframework.referenceassemblies.net48/1.0.3/build/.NETFramework/v4.8/System.IdentityModel.dll |
| [...]/microsoft.netframework.referenceassemblies.net48/1.0.3/build/.NETFramework/v4.8/System.Management.Instrumentation.dll |
| [...]/microsoft.netframework.referenceassemblies.net48/1.0.3/build/.NETFramework/v4.8/System.Management.dll |
| [...]/microsoft.netframework.referenceassemblies.net48/1.0.3/build/.NETFramework/v4.8/System.Messaging.dll |
| [...]/microsoft.netframework.referenceassemblies.net48/1.0.3/build/.NETFramework/v4.8/System.Net.Http.WebRequest.dll |
| [...]/microsoft.netframework.referenceassemblies.net48/1.0.3/build/.NETFramework/v4.8/System.Net.Http.dll |
| [...]/microsoft.netframework.referenceassemblies.net48/1.0.3/build/.NETFramework/v4.8/System.Net.dll |
| [...]/microsoft.netframework.referenceassemblies.net48/1.0.3/build/.NETFramework/v4.8/System.Numerics.dll |
| [...]/microsoft.netframework.referenceassemblies.net48/1.0.3/build/.NETFramework/v4.8/System.Printing.dll |
| [...]/microsoft.netframework.referenceassemblies.net48/1.0.3/build/.NETFramework/v4.8/System.Reflection.Context.dll |
| [...]/microsoft.netframework.referenceassemblies.net48/1.0.3/build/.NETFramework/v4.8/System.Runtime.Caching.dll |
| [...]/microsoft.netframework.referenceassemblies.net48/1.0.3/build/.NETFramework/v4.8/System.Runtime.DurableInstancing.dll |
| [...]/microsoft.netframework.referenceassemblies.net48/1.0.3/build/.NETFramework/v4.8/System.Runtime.Remoting.dll |
| [...]/microsoft.netframework.referenceassemblies.net48/1.0.3/build/.NETFramework/v4.8/System.Runtime.Serialization.Formatters.Soap.dll |
| [...]/microsoft.netframework.referenceassemblies.net48/1.0.3/build/.NETFramework/v4.8/System.Runtime.Serialization.dll |
| [...]/microsoft.netframework.referenceassemblies.net48/1.0.3/build/.NETFramework/v4.8/System.Security.dll |
| [...]/microsoft.netframework.referenceassemblies.net48/1.0.3/build/.NETFramework/v4.8/System.ServiceModel.Activation.dll |
| [...]/microsoft.netframework.referenceassemblies.net48/1.0.3/build/.NETFramework/v4.8/System.ServiceModel.Activities.dll |
| [...]/microsoft.netframework.referenceassemblies.net48/1.0.3/build/.NETFramework/v4.8/System.ServiceModel.Channels.dll |
| [...]/microsoft.netframework.referenceassemblies.net48/1.0.3/build/.NETFramework/v4.8/System.ServiceModel.Discovery.dll |
| [...]/microsoft.netframework.referenceassemblies.net48/1.0.3/build/.NETFramework/v4.8/System.ServiceModel.Routing.dll |
| [...]/microsoft.netframework.referenceassemblies.net48/1.0.3/build/.NETFramework/v4.8/System.ServiceModel.Web.dll |
| [...]/microsoft.netframework.referenceassemblies.net48/1.0.3/build/.NETFramework/v4.8/System.ServiceModel.dll |
| [...]/microsoft.netframework.referenceassemblies.net48/1.0.3/build/.NETFramework/v4.8/System.ServiceProcess.dll |
| [...]/microsoft.netframework.referenceassemblies.net48/1.0.3/build/.NETFramework/v4.8/System.Speech.dll |
| [...]/microsoft.netframework.referenceassemblies.net48/1.0.3/build/.NETFramework/v4.8/System.Transactions.dll |
| [...]/microsoft.netframework.referenceassemblies.net48/1.0.3/build/.NETFramework/v4.8/System.Web.Abstractions.dll |
| [...]/microsoft.netframework.referenceassemblies.net48/1.0.3/build/.NETFramework/v4.8/System.Web.ApplicationServices.dll |
| [...]/microsoft.netframework.referenceassemblies.net48/1.0.3/build/.NETFramework/v4.8/System.Web.DataVisualization.Design.dll |
| [...]/microsoft.netframework.referenceassemblies.net48/1.0.3/build/.NETFramework/v4.8/System.Web.DataVisualization.dll |
| [...]/microsoft.netframework.referenceassemblies.net48/1.0.3/build/.NETFramework/v4.8/System.Web.DynamicData.Design.dll |
| [...]/microsoft.netframework.referenceassemblies.net48/1.0.3/build/.NETFramework/v4.8/System.Web.DynamicData.dll |
| [...]/microsoft.netframework.referenceassemblies.net48/1.0.3/build/.NETFramework/v4.8/System.Web.Entity.Design.dll |
| [...]/microsoft.netframework.referenceassemblies.net48/1.0.3/build/.NETFramework/v4.8/System.Web.Entity.dll |
| [...]/microsoft.netframework.referenceassemblies.net48/1.0.3/build/.NETFramework/v4.8/System.Web.Extensions.Design.dll |
| [...]/microsoft.netframework.referenceassemblies.net48/1.0.3/build/.NETFramework/v4.8/System.Web.Extensions.dll |
| [...]/microsoft.netframework.referenceassemblies.net48/1.0.3/build/.NETFramework/v4.8/System.Web.Mobile.dll |
| [...]/microsoft.netframework.referenceassemblies.net48/1.0.3/build/.NETFramework/v4.8/System.Web.RegularExpressions.dll |
| [...]/microsoft.netframework.referenceassemblies.net48/1.0.3/build/.NETFramework/v4.8/System.Web.Routing.dll |
| [...]/microsoft.netframework.referenceassemblies.net48/1.0.3/build/.NETFramework/v4.8/System.Web.Services.dll |
| [...]/microsoft.netframework.referenceassemblies.net48/1.0.3/build/.NETFramework/v4.8/System.Web.dll |
| [...]/microsoft.netframework.referenceassemblies.net48/1.0.3/build/.NETFramework/v4.8/System.Windows.Controls.Ribbon.dll |
| [...]/microsoft.netframework.referenceassemblies.net48/1.0.3/build/.NETFramework/v4.8/System.Windows.Forms.DataVisualization.Design.dll |
| [...]/microsoft.netframework.referenceassemblies.net48/1.0.3/build/.NETFramework/v4.8/System.Windows.Forms.DataVisualization.dll |
| [...]/microsoft.netframework.referenceassemblies.net48/1.0.3/build/.NETFramework/v4.8/System.Windows.Forms.dll |
| [...]/microsoft.netframework.referenceassemblies.net48/1.0.3/build/.NETFramework/v4.8/System.Windows.Input.Manipulations.dll |
| [...]/microsoft.netframework.referenceassemblies.net48/1.0.3/build/.NETFramework/v4.8/System.Windows.Presentation.dll |
| [...]/microsoft.netframework.referenceassemblies.net48/1.0.3/build/.NETFramework/v4.8/System.Windows.dll |
| [...]/microsoft.netframework.referenceassemblies.net48/1.0.3/build/.NETFramework/v4.8/System.Workflow.Activities.dll |
| [...]/microsoft.netframework.referenceassemblies.net48/1.0.3/build/.NETFramework/v4.8/System.Workflow.ComponentModel.dll |
| [...]/microsoft.netframework.referenceassemblies.net48/1.0.3/build/.NETFramework/v4.8/System.Workflow.Runtime.dll |
| [...]/microsoft.netframework.referenceassemblies.net48/1.0.3/build/.NETFramework/v4.8/System.WorkflowServices.dll |
| [...]/microsoft.netframework.referenceassemblies.net48/1.0.3/build/.NETFramework/v4.8/System.Xaml.dll |
| [...]/microsoft.netframework.referenceassemblies.net48/1.0.3/build/.NETFramework/v4.8/System.Xml.Linq.dll |
| [...]/microsoft.netframework.referenceassemblies.net48/1.0.3/build/.NETFramework/v4.8/System.Xml.Serialization.dll |
| [...]/microsoft.netframework.referenceassemblies.net48/1.0.3/build/.NETFramework/v4.8/System.Xml.dll |
| [...]/microsoft.netframework.referenceassemblies.net48/1.0.3/build/.NETFramework/v4.8/System.dll |
| [...]/microsoft.netframework.referenceassemblies.net48/1.0.3/build/.NETFramework/v4.8/UIAutomationClient.dll |
| [...]/microsoft.netframework.referenceassemblies.net48/1.0.3/build/.NETFramework/v4.8/UIAutomationClientsideProviders.dll |
| [...]/microsoft.netframework.referenceassemblies.net48/1.0.3/build/.NETFramework/v4.8/UIAutomationProvider.dll |
| [...]/microsoft.netframework.referenceassemblies.net48/1.0.3/build/.NETFramework/v4.8/UIAutomationTypes.dll |
| [...]/microsoft.netframework.referenceassemblies.net48/1.0.3/build/.NETFramework/v4.8/WindowsBase.dll |
| [...]/microsoft.netframework.referenceassemblies.net48/1.0.3/build/.NETFramework/v4.8/WindowsFormsIntegration.dll |
| [...]/microsoft.netframework.referenceassemblies.net48/1.0.3/build/.NETFramework/v4.8/XamlBuildTask.dll |
| [...]/microsoft.netframework.referenceassemblies.net48/1.0.3/build/.NETFramework/v4.8/mscorlib.dll |
| [...]/microsoft.netframework.referenceassemblies.net48/1.0.3/build/.NETFramework/v4.8/sysglobl.dll |
