edges
| CommandInjection.cs:27:20:27:28 | access to local variable userInput : String | CommandInjection.cs:28:27:28:47 | ... + ... | provenance |  |
| CommandInjection.cs:27:20:27:28 | access to local variable userInput : String | CommandInjection.cs:28:50:28:66 | ... + ... | provenance |  |
| CommandInjection.cs:27:20:27:28 | access to local variable userInput : String | CommandInjection.cs:30:63:30:71 | access to local variable userInput | provenance |  |
| CommandInjection.cs:27:20:27:28 | access to local variable userInput : String | CommandInjection.cs:30:63:30:71 | access to local variable userInput : String | provenance |  |
| CommandInjection.cs:27:20:27:28 | access to local variable userInput : String | CommandInjection.cs:30:74:30:82 | access to local variable userInput | provenance |  |
| CommandInjection.cs:27:20:27:28 | access to local variable userInput : String | CommandInjection.cs:30:74:30:82 | access to local variable userInput : String | provenance |  |
| CommandInjection.cs:27:20:27:28 | access to local variable userInput : String | CommandInjection.cs:34:39:34:47 | access to local variable userInput | provenance |  |
| CommandInjection.cs:27:20:27:28 | access to local variable userInput : String | CommandInjection.cs:34:39:34:47 | access to local variable userInput : String | provenance |  |
| CommandInjection.cs:27:20:27:28 | access to local variable userInput : String | CommandInjection.cs:35:40:35:48 | access to local variable userInput | provenance |  |
| CommandInjection.cs:27:20:27:28 | access to local variable userInput : String | CommandInjection.cs:35:40:35:48 | access to local variable userInput : String | provenance |  |
| CommandInjection.cs:27:20:27:28 | access to local variable userInput : String | CommandInjection.cs:36:47:36:55 | access to local variable userInput | provenance |  |
| CommandInjection.cs:27:20:27:28 | access to local variable userInput : String | CommandInjection.cs:36:47:36:55 | access to local variable userInput : String | provenance |  |
| CommandInjection.cs:27:32:27:46 | access to field categoryTextBox : TextBox | CommandInjection.cs:27:32:27:51 | access to property Text : String | provenance |  |
| CommandInjection.cs:27:32:27:51 | access to property Text : String | CommandInjection.cs:27:20:27:28 | access to local variable userInput : String | provenance |  |
| CommandInjection.cs:30:30:30:38 | access to local variable startInfo : ProcessStartInfo | CommandInjection.cs:31:27:31:35 | access to local variable startInfo | provenance |  |
| CommandInjection.cs:30:42:30:83 | object creation of type ProcessStartInfo : ProcessStartInfo | CommandInjection.cs:30:30:30:38 | access to local variable startInfo : ProcessStartInfo | provenance |  |
| CommandInjection.cs:30:63:30:71 | access to local variable userInput : String | CommandInjection.cs:30:42:30:83 | object creation of type ProcessStartInfo : ProcessStartInfo | provenance |  |
| CommandInjection.cs:30:74:30:82 | access to local variable userInput : String | CommandInjection.cs:30:42:30:83 | object creation of type ProcessStartInfo : ProcessStartInfo | provenance |  |
| CommandInjection.cs:34:13:34:26 | [post] access to local variable startInfoProps : ProcessStartInfo | CommandInjection.cs:37:27:37:40 | access to local variable startInfoProps | provenance |  |
| CommandInjection.cs:34:39:34:47 | access to local variable userInput : String | CommandInjection.cs:34:13:34:26 | [post] access to local variable startInfoProps : ProcessStartInfo | provenance |  |
| CommandInjection.cs:35:13:35:26 | [post] access to local variable startInfoProps : ProcessStartInfo | CommandInjection.cs:37:27:37:40 | access to local variable startInfoProps | provenance |  |
| CommandInjection.cs:35:40:35:48 | access to local variable userInput : String | CommandInjection.cs:35:13:35:26 | [post] access to local variable startInfoProps : ProcessStartInfo | provenance |  |
| CommandInjection.cs:36:13:36:26 | [post] access to local variable startInfoProps : ProcessStartInfo | CommandInjection.cs:37:27:37:40 | access to local variable startInfoProps | provenance |  |
| CommandInjection.cs:36:47:36:55 | access to local variable userInput : String | CommandInjection.cs:36:13:36:26 | [post] access to local variable startInfoProps : ProcessStartInfo | provenance |  |
| CommandInjection.cs:51:54:51:80 | call to method GetString : String | CommandInjection.cs:51:46:51:80 | ... + ... | provenance |  |
nodes
| CommandInjection.cs:27:20:27:28 | access to local variable userInput : String | semmle.label | access to local variable userInput : String |
| CommandInjection.cs:27:32:27:46 | access to field categoryTextBox : TextBox | semmle.label | access to field categoryTextBox : TextBox |
| CommandInjection.cs:27:32:27:51 | access to property Text : String | semmle.label | access to property Text : String |
| CommandInjection.cs:28:27:28:47 | ... + ... | semmle.label | ... + ... |
| CommandInjection.cs:28:50:28:66 | ... + ... | semmle.label | ... + ... |
| CommandInjection.cs:30:30:30:38 | access to local variable startInfo : ProcessStartInfo | semmle.label | access to local variable startInfo : ProcessStartInfo |
| CommandInjection.cs:30:42:30:83 | object creation of type ProcessStartInfo : ProcessStartInfo | semmle.label | object creation of type ProcessStartInfo : ProcessStartInfo |
| CommandInjection.cs:30:63:30:71 | access to local variable userInput | semmle.label | access to local variable userInput |
| CommandInjection.cs:30:63:30:71 | access to local variable userInput : String | semmle.label | access to local variable userInput : String |
| CommandInjection.cs:30:74:30:82 | access to local variable userInput | semmle.label | access to local variable userInput |
| CommandInjection.cs:30:74:30:82 | access to local variable userInput : String | semmle.label | access to local variable userInput : String |
| CommandInjection.cs:31:27:31:35 | access to local variable startInfo | semmle.label | access to local variable startInfo |
| CommandInjection.cs:34:13:34:26 | [post] access to local variable startInfoProps : ProcessStartInfo | semmle.label | [post] access to local variable startInfoProps : ProcessStartInfo |
| CommandInjection.cs:34:39:34:47 | access to local variable userInput | semmle.label | access to local variable userInput |
| CommandInjection.cs:34:39:34:47 | access to local variable userInput : String | semmle.label | access to local variable userInput : String |
| CommandInjection.cs:35:13:35:26 | [post] access to local variable startInfoProps : ProcessStartInfo | semmle.label | [post] access to local variable startInfoProps : ProcessStartInfo |
| CommandInjection.cs:35:40:35:48 | access to local variable userInput | semmle.label | access to local variable userInput |
| CommandInjection.cs:35:40:35:48 | access to local variable userInput : String | semmle.label | access to local variable userInput : String |
| CommandInjection.cs:36:13:36:26 | [post] access to local variable startInfoProps : ProcessStartInfo | semmle.label | [post] access to local variable startInfoProps : ProcessStartInfo |
| CommandInjection.cs:36:47:36:55 | access to local variable userInput | semmle.label | access to local variable userInput |
| CommandInjection.cs:36:47:36:55 | access to local variable userInput : String | semmle.label | access to local variable userInput : String |
| CommandInjection.cs:37:27:37:40 | access to local variable startInfoProps | semmle.label | access to local variable startInfoProps |
| CommandInjection.cs:51:46:51:80 | ... + ... | semmle.label | ... + ... |
| CommandInjection.cs:51:54:51:80 | call to method GetString : String | semmle.label | call to method GetString : String |
subpaths
#select
| CommandInjection.cs:28:27:28:47 | ... + ... | CommandInjection.cs:27:32:27:46 | access to field categoryTextBox : TextBox | CommandInjection.cs:28:27:28:47 | ... + ... | This command line depends on a $@. | CommandInjection.cs:27:32:27:46 | access to field categoryTextBox | user-provided value |
| CommandInjection.cs:28:50:28:66 | ... + ... | CommandInjection.cs:27:32:27:46 | access to field categoryTextBox : TextBox | CommandInjection.cs:28:50:28:66 | ... + ... | This command line depends on a $@. | CommandInjection.cs:27:32:27:46 | access to field categoryTextBox | user-provided value |
| CommandInjection.cs:30:63:30:71 | access to local variable userInput | CommandInjection.cs:27:32:27:46 | access to field categoryTextBox : TextBox | CommandInjection.cs:30:63:30:71 | access to local variable userInput | This command line depends on a $@. | CommandInjection.cs:27:32:27:46 | access to field categoryTextBox | user-provided value |
| CommandInjection.cs:30:74:30:82 | access to local variable userInput | CommandInjection.cs:27:32:27:46 | access to field categoryTextBox : TextBox | CommandInjection.cs:30:74:30:82 | access to local variable userInput | This command line depends on a $@. | CommandInjection.cs:27:32:27:46 | access to field categoryTextBox | user-provided value |
| CommandInjection.cs:31:27:31:35 | access to local variable startInfo | CommandInjection.cs:27:32:27:46 | access to field categoryTextBox : TextBox | CommandInjection.cs:31:27:31:35 | access to local variable startInfo | This command line depends on a $@. | CommandInjection.cs:27:32:27:46 | access to field categoryTextBox | user-provided value |
| CommandInjection.cs:34:39:34:47 | access to local variable userInput | CommandInjection.cs:27:32:27:46 | access to field categoryTextBox : TextBox | CommandInjection.cs:34:39:34:47 | access to local variable userInput | This command line depends on a $@. | CommandInjection.cs:27:32:27:46 | access to field categoryTextBox | user-provided value |
| CommandInjection.cs:35:40:35:48 | access to local variable userInput | CommandInjection.cs:27:32:27:46 | access to field categoryTextBox : TextBox | CommandInjection.cs:35:40:35:48 | access to local variable userInput | This command line depends on a $@. | CommandInjection.cs:27:32:27:46 | access to field categoryTextBox | user-provided value |
| CommandInjection.cs:36:47:36:55 | access to local variable userInput | CommandInjection.cs:27:32:27:46 | access to field categoryTextBox : TextBox | CommandInjection.cs:36:47:36:55 | access to local variable userInput | This command line depends on a $@. | CommandInjection.cs:27:32:27:46 | access to field categoryTextBox | user-provided value |
| CommandInjection.cs:37:27:37:40 | access to local variable startInfoProps | CommandInjection.cs:27:32:27:46 | access to field categoryTextBox : TextBox | CommandInjection.cs:37:27:37:40 | access to local variable startInfoProps | This command line depends on a $@. | CommandInjection.cs:27:32:27:46 | access to field categoryTextBox | user-provided value |
| CommandInjection.cs:51:46:51:80 | ... + ... | CommandInjection.cs:51:54:51:80 | call to method GetString : String | CommandInjection.cs:51:46:51:80 | ... + ... | This command line depends on a $@. | CommandInjection.cs:51:54:51:80 | call to method GetString | user-provided value |
