| switch.swift:2:1:12:1 | switch index { ... } | hasLabel: | no | getExpr: | switch.swift:2:8:2:8 | index | getNumberOfCases: | 4 |
| switch.swift:21:1:30:1 | switch x { ... } | hasLabel: | no | getExpr: | switch.swift:21:8:21:8 | x | getNumberOfCases: | 4 |
| switch.swift:32:1:42:1 | switch x { ... } | hasLabel: | yes | getExpr: | switch.swift:32:15:32:15 | x | getNumberOfCases: | 2 |
| switch.swift:34:5:39:5 | switch a { ... } | hasLabel: | yes | getExpr: | switch.swift:34:19:34:19 | a | getNumberOfCases: | 2 |
