awsRemoteSources
| lambda.cs:11:27:11:38 | access to property Body |
| lambda.cs:12:29:12:43 | access to property Cookies |
| lambda.cs:14:30:14:44 | access to property RawPath |
| lambda.cs:15:31:15:52 | access to property RawQueryString |
| lambda.cs:16:13:16:34 | access to property PathParameters |
| lambda.cs:18:29:18:43 | access to property Headers |
| lambda.cs:19:13:19:27 | access to property Headers |
awsLoggingSinks
| lambda.cs:30:32:30:52 | $"..." |
| lambda.cs:31:36:31:56 | $"..." |
| lambda.cs:32:47:32:67 | $"..." |
| lambda.cs:33:54:33:74 | $"..." |
| lambda.cs:34:37:34:57 | $"..." |
| lambda.cs:35:37:35:57 | $"..." |
| lambda.cs:36:43:36:63 | $"..." |
| lambda.cs:37:39:37:59 | $"..." |
| lambda.cs:38:37:38:57 | $"..." |
| lambda.cs:39:40:39:60 | $"..." |
