| Pack{String, Int} | 0 | String |
| Pack{String, Int} | 1 | Int |
