| examples.cpp:66:9:66:14 | -- ... | $@ flows an expression which might overflow negatively. | examples.cpp:63:26:63:30 | fscanf output argument | value read by fscanf |
