| EmptyJWTSecret.rb:9:21:9:34 | call to [] | This JWT encoding uses an empty key or none algorithm. |
| EmptyJWTSecret.rb:12:21:12:34 | call to [] | This JWT encoding uses an empty key or none algorithm. |
| MissingJWTVerification.rb:6:38:6:44 | payload | This JWT encoding uses an empty key or none algorithm. |
