#select
| Java.java:5:3:5:26 | kotlinFun(...) | Kotlin.kt:2:2:4:2 | kotlinFun |
| Java.java:11:11:11:22 | fn0(...) | Kotlin.kt:8:5:8:38 | fn0 |
| Kotlin.kt:13:46:13:51 | fn0(...) | Kotlin.kt:8:5:8:38 | fn0 |
| Kotlin.kt:14:54:14:59 | fn1(...) | Kotlin.kt:9:5:9:46 | fn1 |
methods
| Java.java:4:7:4:13 | javaFun | javaFun() |
| Java.java:10:17:10:19 | fn0 | fn0(int) |
| Kotlin.kt:2:2:4:2 | kotlinFun | kotlinFun() |
| Kotlin.kt:8:5:8:38 | fn0 | fn0(int) |
| Kotlin.kt:9:5:9:46 | fn1 | fn1(int) |
| Kotlin.kt:13:5:13:51 | fn0 | fn0(int) |
| Kotlin.kt:14:5:14:59 | fn1 | fn1(int) |
overrides
| Java.java:10:17:10:19 | fn0 | Kotlin.kt:8:5:8:38 | fn0 |
| Kotlin.kt:13:5:13:51 | fn0 | Kotlin.kt:8:5:8:38 | fn0 |
| Kotlin.kt:14:5:14:59 | fn1 | Kotlin.kt:9:5:9:46 | fn1 |
signature_mismatch
| Kotlin.kt:9:5:9:46 | fn1 | fn1(int) |
