| move_semantics.swift:5:9:5:17 | ConsumeExpr | Int |
