| Pack{String, Int} | getName: | Pack{String, Int} | getCanonicalType: | Pack{String, Int} | getNumberOfElements: | 2 |
