| file://:0:0:0:0 | #freestanding(declaration) | getKind: | 2 | getMacroSyntax: | 0 | getNumberOfConformances: | 0 | getNumberOfNames: | 0 |
| file://:0:0:0:0 | #freestanding(declaration) | getKind: | 2 | getMacroSyntax: | 0 | getNumberOfConformances: | 0 | getNumberOfNames: | 0 |
| file://:0:0:0:0 | #freestanding(expression) | getKind: | 1 | getMacroSyntax: | 0 | getNumberOfConformances: | 0 | getNumberOfNames: | 0 |
| file://:0:0:0:0 | #freestanding(expression) | getKind: | 1 | getMacroSyntax: | 0 | getNumberOfConformances: | 0 | getNumberOfNames: | 0 |
| file://:0:0:0:0 | #freestanding(expression) | getKind: | 1 | getMacroSyntax: | 0 | getNumberOfConformances: | 0 | getNumberOfNames: | 0 |
| file://:0:0:0:0 | #freestanding(expression) | getKind: | 1 | getMacroSyntax: | 0 | getNumberOfConformances: | 0 | getNumberOfNames: | 0 |
| file://:0:0:0:0 | #freestanding(expression) | getKind: | 1 | getMacroSyntax: | 0 | getNumberOfConformances: | 0 | getNumberOfNames: | 0 |
| file://:0:0:0:0 | #freestanding(expression) | getKind: | 1 | getMacroSyntax: | 0 | getNumberOfConformances: | 0 | getNumberOfNames: | 0 |
| file://:0:0:0:0 | #freestanding(expression) | getKind: | 1 | getMacroSyntax: | 0 | getNumberOfConformances: | 0 | getNumberOfNames: | 0 |
| file://:0:0:0:0 | #freestanding(expression) | getKind: | 1 | getMacroSyntax: | 0 | getNumberOfConformances: | 0 | getNumberOfNames: | 0 |
| test.swift:1:14:1:26 | #freestanding(declaration) | getKind: | 2 | getMacroSyntax: | 0 | getNumberOfConformances: | 0 | getNumberOfNames: | 0 |
| test.swift:3:14:3:25 | #freestanding(expression) | getKind: | 1 | getMacroSyntax: | 0 | getNumberOfConformances: | 0 | getNumberOfNames: | 0 |
| test.swift:5:10:5:17 | @attached(member) | getKind: | 16 | getMacroSyntax: | 1 | getNumberOfConformances: | 0 | getNumberOfNames: | 0 |
| test.swift:6:10:6:20 | @attached(extension) | getKind: | 256 | getMacroSyntax: | 1 | getNumberOfConformances: | 0 | getNumberOfNames: | 0 |
