| D.qll:1:1:1:15 | Import | Redundant import, the module is already imported inside $@. | D.qll:2:1:2:15 | Import | folder.B |
